{
    "Test propr/propr while running clr+pcor - fdr": {
        "content": [
            [
                [
                    {
                        "id": "test"
                    },
                    "test.fdr.tsv:md5,c0147540e44c63a439c28d24315bbc83"
                ]
            ]
        ],
        "meta": {
            "nf-test": "0.8.4",
            "nextflow": "23.10.0"
        },
        "timestamp": "2024-03-24T07:12:10.845405"
    },
    "Test propr/propr while running alr+pcor.bshrink - fdr": {
        "content": [
            [
                [
                    {
                        "id": "test"
                    },
                    "test.fdr.tsv:md5,d446cc30af27643df8555b2924e3c0a1"
                ]
            ]
        ],
        "meta": {
            "nf-test": "0.8.4",
            "nextflow": "23.10.0"
        },
        "timestamp": "2024-03-24T07:08:24.344146"
    },
    "Test propr/propr using default options - matrix": {
        "content": [
            [
                [
                    {
                        "id": "test"
                    },
                    "test.propr.tsv:md5,1aed2bed28b3f6cff481065f535e6d24"
                ]
            ]
        ],
        "meta": {
            "nf-test": "0.8.4",
            "nextflow": "23.10.0"
        },
        "timestamp": "2024-03-24T06:58:33.388881"
    },
    "Test propr/propr while running clr+pcor.bshrink explicitly - matrix": {
        "content": [
            [
                [
                    {
                        "id": "test"
                    },
                    "test.propr.tsv:md5,1aed2bed28b3f6cff481065f535e6d24"
                ]
            ]
        ],
        "meta": {
            "nf-test": "0.8.4",
            "nextflow": "23.10.0"
        },
        "timestamp": "2024-03-24T07:03:14.272894"
    },
    "Test propr/propr while running clr+pcor - matrix": {
        "content": [
            [
                [
                    {
                        "id": "test"
                    },
                    "test.propr.tsv:md5,5bd6a9c2d5899dedfec8ebfbabeb532e"
                ]
            ]
        ],
        "meta": {
            "nf-test": "0.8.4",
            "nextflow": "23.10.0"
        },
        "timestamp": "2024-03-24T07:12:10.501344"
    },
    "Test propr/propr while running alr+pcor.bshrink - matrix": {
        "content": [
            [
                [
                    {
                        "id": "test"
                    },
                    "test.propr.tsv:md5,e2cbc066fa7635e9ea4ec198987d11d0"
                ]
            ]
        ],
        "meta": {
            "nf-test": "0.8.4",
            "nextflow": "23.10.0"
        },
        "timestamp": "2024-03-24T07:08:24.110608"
    },
    "Test propr/propr while running clr+rho - fdr": {
        "content": [
            [
                [
                    {
                        "id": "test"
                    },
                    "test.fdr.tsv:md5,32be6cc96d2d5563f779d2eec9c7ed34"
                ]
            ]
        ],
        "meta": {
            "nf-test": "0.8.4",
            "nextflow": "23.10.0"
        },
        "timestamp": "2024-03-24T07:08:59.618565"
    },
    "Test propr/propr while running clr+rho - matrix": {
        "content": [
            [
                [
                    {
                        "id": "test"
                    },
                    "test.propr.tsv:md5,53865e6c2b05e022277df6dc1188c461"
                ]
            ]
        ],
        "meta": {
            "nf-test": "0.8.4",
            "nextflow": "23.10.0"
        },
        "timestamp": "2024-03-24T07:08:59.344704"
    },
    "versions": {
        "content": [
            [
                "versions.yml:md5,41b77e268a30b7f345e225da7725ca72"
            ]
        ],
        "meta": {
            "nf-test": "0.8.4",
            "nextflow": "23.10.0"
        },
        "timestamp": "2024-03-24T06:58:33.501522"
    },
    "Test propr/propr while running clr+rho with boxcox transformation - fdr": {
        "content": [
            [
                [
                    {
                        "id": "test"
                    },
                    "test.fdr.tsv:md5,a0fc0d01dddb4bd285306766eefeff67"
                ]
            ]
        ],
        "meta": {
            "nf-test": "0.8.4",
            "nextflow": "23.10.0"
        },
        "timestamp": "2024-03-24T07:12:47.131047"
    },
    "Test propr/propr while running clr+rho with boxcox transformation - matrix": {
        "content": [
            [
                [
                    {
                        "id": "test"
                    },
                    "test.propr.tsv:md5,e30643e340aa88e3acd4c181f9e4ba81"
                ]
            ]
        ],
        "meta": {
            "nf-test": "0.8.4",
            "nextflow": "23.10.0"
        },
        "timestamp": "2024-03-24T07:12:46.721946"
    },
    "Test propr/propr while running clr+pcor.bshrink explicitly - fdr": {
        "content": [
            [
                [
                    {
                        "id": "test"
                    },
                    "test.fdr.tsv:md5,dc9e6f135064363c503e83105a9c9b69"
                ]
            ]
        ],
        "meta": {
            "nf-test": "0.8.4",
            "nextflow": "23.10.0"
        },
        "timestamp": "2024-03-24T07:03:14.423185"
    },
    "Test propr/propr while running default parameters and generating GEAS input - gct": {
        "content": [
            [
                [
                    {
                        "id": "test"
                    },
                    "test.gct:md5,8518acd737ac19acfe9d7c3ae0aba3b9"
                ]
            ]
        ],
        "meta": {
            "nf-test": "0.8.4",
            "nextflow": "23.10.0"
        },
        "timestamp": "2024-03-24T07:13:35.042679"
    }
}